{
	"name": "cpsit/migrator-test",
	"require": {
		"php": "~8.1.0 || ~8.2.0"
	},
	"require-dev": {
		"phpunit/phpunit": "^10.0"
	}
}
